// Jest Snapshot v1, https://goo.gl/fbAQLP

exports[`MethodsDataService should be created 1`] = `
Array [
  "add",
  "adjust",
  "all",
  "allPass",
  "always",
  "and",
  "any",
  "anyPass",
  "append",
  "applySpec",
  "assoc",
  "assocPath",
  "both",
  "chain",
  "clamp",
  "clone",
  "complement",
  "compose",
  "concat",
  "cond",
  "converge",
  "curry",
  "curryN",
  "dec",
  "defaultTo",
  "difference",
  "dissoc",
  "divide",
  "drop",
  "dropLast",
  "either",
  "endsWith",
  "equals",
  "F",
  "filter",
  "find",
  "findIndex",
  "findLast",
  "findLastIndex",
  "flatten",
  "flip",
  "forEach",
  "fromPairs",
  "groupBy",
  "groupWith",
  "has",
  "head",
  "identical",
  "identity",
  "ifElse",
  "inc",
  "includes",
  "indexBy",
  "indexOf",
  "init",
  "intersection",
  "intersperse",
  "is",
  "isEmpty",
  "isNil",
  "join",
  "keys",
  "last",
  "lastIndexOf",
  "length",
  "lens",
  "lensIndex",
  "lensPath",
  "lensProp",
  "over",
  "set",
  "view",
  "map",
  "match",
  "max",
  "maxBy",
  "mean",
  "median",
  "merge",
  "min",
  "minBy",
  "modulo",
  "multiply",
  "negate",
  "none",
  "not",
  "nth",
  "omit",
  "partial",
  "path",
  "paths",
  "pathOr",
  "pick",
  "pickAll",
  "pipe",
  "pluck",
  "prepend",
  "product",
  "prop",
  "propEq",
  "propIs",
  "propOr",
  "range",
  "reduce",
  "reject",
  "repeat",
  "replace",
  "reverse",
  "slice",
  "sort",
  "sortBy",
  "split",
  "splitEvery",
  "startsWith",
  "subtract",
  "sum",
  "symmetricDifference",
  "T",
  "tail",
  "take",
  "takeLast",
  "tap",
  "test",
  "times",
  "toLower",
  "toUpper",
  "toPairs",
  "toString",
  "transpose",
  "trim",
  "type",
  "uniq",
  "uniqWith",
  "update",
  "values",
  "when",
  "without",
  "xor",
  "zip",
  "zipObj",
]
`;
